// Jest Snapshot v1, https://goo.gl/fbAQLP

exports[`Search Unit tests should should match snapshot 1`] = `
<form
  onSubmit={[Function]}
>
  <input
    className="search__input"
    onChange={[Function]}
    placeholder="Enter stock symbol..."
    type="text"
    value=""
  />
  <button
    className="search__button"
  >
    Add
  </button>
</form>
`;
