// Jest Snapshot v1, https://goo.gl/fbAQLP

exports[`Main unit test should match snapshot 1`] = `
<main
  className="wrapper"
>
  <h1
    className="main-header"
  >
    Stock Watcher
  </h1>
  <Search />
  <Stocks
    stocks={
      Array [
        Object {
          "change": 1.26,
          "high": 188.35,
          "latestPrice": 185.24,
          "low": 185.93,
          "name": "Apple Inc.",
          "shortName": "AAPL",
        },
        Object {
          "change": -8.4,
          "high": 1177.295,
          "latestPrice": 1161.44,
          "low": 1153.83,
          "name": "Alphabet Inc.",
          "shortName": "GOOG",
        },
      ]
    }
  />
</main>
`;
