// Jest Snapshot v1, https://goo.gl/fbAQLP

exports[`Main unit test should match snapshot 1`] = `
<div>
  <main
    className="wrapper"
  >
    <section
      className="header"
    >
      <h1
        className="main-header"
      >
        Stock Watcher
      </h1>
    </section>
    <Search
      getStockQuotes={[Function]}
    />
    <Stocks
      stocks={Array []}
    />
  </main>
  <footer
    className="footer"
  >
    Data provided for free by
    <a
      className="footer__link"
      href="https://iextrading.com/developer/"
    >
       
      IEX
    </a>
  </footer>
</div>
`;
