// Jest Snapshot v1, https://goo.gl/fbAQLP

exports[`StockCard Unit test should match snapshot 1`] = `
<section
  className="stock-card"
>
  <div
    className="stock-card__info"
  >
    <div>
      <h4
        className="stock-card__title"
      >
        Apple Inc.
      </h4>
      <p
        className="stock-card__short-name"
      >
        AAPL
      </p>
    </div>
    <div
      className="stock-card__change"
    >
      <p
        className=" negative-change"
      >
        <span
          className="stock-card__pointer"
        >
           ▼
        </span>
        -1.26
         (
        -0.01
        %)
      </p>
      <p
        className="stock-card__price"
      >
        $
        185.24
      </p>
    </div>
  </div>
  <div
    className="stock-card-average"
  >
    <span
      className="stock-metric"
      style={
        Object {
          "top": 3.1435,
        }
      }
    >
      ►
    </span>
    <p>
      188.35
    </p>
    <p>
      185.93
    </p>
  </div>
</section>
`;
